Archive member included to satisfy reference by file (symbol)

/home/sergej/Microcontroller/MyLib/Debug/libMyLib.a(mcalFlash.o)
                              ./Src/main.o (flashConfigWaitStates)
/home/sergej/Microcontroller/MyLib/Debug/libMyLib.a(mcalGPIO.o)
                              ./Src/main.o (gpioSelectPort)
/home/sergej/Microcontroller/MyLib/Debug/libMyLib.a(mcalRCC.o)
                              ./Src/main.o (rccEnableHSE)
/opt/st/stm32cubeide_1.13.1/plugins/com.st.stm32cube.ide.mcu.externaltools.gnu-tools-for-stm32.11.3.rel1.linux64_1.1.0.202305231506/tools/bin/../lib/gcc/arm-none-eabi/11.3.1/../../../../arm-none-eabi/lib/thumb/v7e-m+fp/hard/libc_nano.a(libc_a-exit.o)
                              /opt/st/stm32cubeide_1.13.1/plugins/com.st.stm32cube.ide.mcu.externaltools.gnu-tools-for-stm32.11.3.rel1.linux64_1.1.0.202305231506/tools/bin/../lib/gcc/arm-none-eabi/11.3.1/../../../../arm-none-eabi/lib/thumb/v7e-m+fp/hard/crt0.o (exit)
/opt/st/stm32cubeide_1.13.1/plugins/com.st.stm32cube.ide.mcu.externaltools.gnu-tools-for-stm32.11.3.rel1.linux64_1.1.0.202305231506/tools/bin/../lib/gcc/arm-none-eabi/11.3.1/../../../../arm-none-eabi/lib/thumb/v7e-m+fp/hard/libc_nano.a(libc_a-findfp.o)
                              /opt/st/stm32cubeide_1.13.1/plugins/com.st.stm32cube.ide.mcu.externaltools.gnu-tools-for-stm32.11.3.rel1.linux64_1.1.0.202305231506/tools/bin/../lib/gcc/arm-none-eabi/11.3.1/../../../../arm-none-eabi/lib/thumb/v7e-m+fp/hard/libc_nano.a(libc_a-exit.o) (__stdio_exit_handler)
/opt/st/stm32cubeide_1.13.1/plugins/com.st.stm32cube.ide.mcu.externaltools.gnu-tools-for-stm32.11.3.rel1.linux64_1.1.0.202305231506/tools/bin/../lib/gcc/arm-none-eabi/11.3.1/../../../../arm-none-eabi/lib/thumb/v7e-m+fp/hard/libc_nano.a(libc_a-fwalk.o)
                              /opt/st/stm32cubeide_1.13.1/plugins/com.st.stm32cube.ide.mcu.externaltools.gnu-tools-for-stm32.11.3.rel1.linux64_1.1.0.202305231506/tools/bin/../lib/gcc/arm-none-eabi/11.3.1/../../../../arm-none-eabi/lib/thumb/v7e-m+fp/hard/libc_nano.a(libc_a-findfp.o) (_fwalk_sglue)
/opt/st/stm32cubeide_1.13.1/plugins/com.st.stm32cube.ide.mcu.externaltools.gnu-tools-for-stm32.11.3.rel1.linux64_1.1.0.202305231506/tools/bin/../lib/gcc/arm-none-eabi/11.3.1/../../../../arm-none-eabi/lib/thumb/v7e-m+fp/hard/libc_nano.a(libc_a-stdio.o)
                              /opt/st/stm32cubeide_1.13.1/plugins/com.st.stm32cube.ide.mcu.externaltools.gnu-tools-for-stm32.11.3.rel1.linux64_1.1.0.202305231506/tools/bin/../lib/gcc/arm-none-eabi/11.3.1/../../../../arm-none-eabi/lib/thumb/v7e-m+fp/hard/libc_nano.a(libc_a-findfp.o) (__sread)
/opt/st/stm32cubeide_1.13.1/plugins/com.st.stm32cube.ide.mcu.externaltools.gnu-tools-for-stm32.11.3.rel1.linux64_1.1.0.202305231506/tools/bin/../lib/gcc/arm-none-eabi/11.3.1/../../../../arm-none-eabi/lib/thumb/v7e-m+fp/hard/libc_nano.a(libc_a-memset.o)
                              /opt/st/stm32cubeide_1.13.1/plugins/com.st.stm32cube.ide.mcu.externaltools.gnu-tools-for-stm32.11.3.rel1.linux64_1.1.0.202305231506/tools/bin/../lib/gcc/arm-none-eabi/11.3.1/../../../../arm-none-eabi/lib/thumb/v7e-m+fp/hard/crt0.o (memset)
/opt/st/stm32cubeide_1.13.1/plugins/com.st.stm32cube.ide.mcu.externaltools.gnu-tools-for-stm32.11.3.rel1.linux64_1.1.0.202305231506/tools/bin/../lib/gcc/arm-none-eabi/11.3.1/../../../../arm-none-eabi/lib/thumb/v7e-m+fp/hard/libc_nano.a(libc_a-closer.o)
                              /opt/st/stm32cubeide_1.13.1/plugins/com.st.stm32cube.ide.mcu.externaltools.gnu-tools-for-stm32.11.3.rel1.linux64_1.1.0.202305231506/tools/bin/../lib/gcc/arm-none-eabi/11.3.1/../../../../arm-none-eabi/lib/thumb/v7e-m+fp/hard/libc_nano.a(libc_a-stdio.o) (_close_r)
/opt/st/stm32cubeide_1.13.1/plugins/com.st.stm32cube.ide.mcu.externaltools.gnu-tools-for-stm32.11.3.rel1.linux64_1.1.0.202305231506/tools/bin/../lib/gcc/arm-none-eabi/11.3.1/../../../../arm-none-eabi/lib/thumb/v7e-m+fp/hard/libc_nano.a(libc_a-reent.o)
                              /opt/st/stm32cubeide_1.13.1/plugins/com.st.stm32cube.ide.mcu.externaltools.gnu-tools-for-stm32.11.3.rel1.linux64_1.1.0.202305231506/tools/bin/../lib/gcc/arm-none-eabi/11.3.1/../../../../arm-none-eabi/lib/thumb/v7e-m+fp/hard/libc_nano.a(libc_a-closer.o) (errno)
/opt/st/stm32cubeide_1.13.1/plugins/com.st.stm32cube.ide.mcu.externaltools.gnu-tools-for-stm32.11.3.rel1.linux64_1.1.0.202305231506/tools/bin/../lib/gcc/arm-none-eabi/11.3.1/../../../../arm-none-eabi/lib/thumb/v7e-m+fp/hard/libc_nano.a(libc_a-impure.o)
                              /opt/st/stm32cubeide_1.13.1/plugins/com.st.stm32cube.ide.mcu.externaltools.gnu-tools-for-stm32.11.3.rel1.linux64_1.1.0.202305231506/tools/bin/../lib/gcc/arm-none-eabi/11.3.1/../../../../arm-none-eabi/lib/thumb/v7e-m+fp/hard/libc_nano.a(libc_a-reent.o) (_impure_ptr)
[...]
Memory Configuration

Name             Origin             Length             Attributes
RAM              0x0000000020000000 0x0000000000020000 xrw
FLASH            0x0000000008000000 0x0000000000080000 xr
*default*        0x0000000000000000 0xffffffffffffffff

Linker script and memory map

LOAD /opt/st/stm32cubeide_1.13.1/plugins/com.st.stm32cube.ide.mcu.externaltools.gnu-tools-for-stm32.11.3.rel1.linux64_1.1.0.202305231506/tools/bin/../lib/gcc/arm-none-eabi/11.3.1/thumb/v7e-m+fp/hard/crti.o
LOAD /opt/st/stm32cubeide_1.13.1/plugins/com.st.stm32cube.ide.mcu.externaltools.gnu-tools-for-stm32.11.3.rel1.linux64_1.1.0.202305231506/tools/bin/../lib/gcc/arm-none-eabi/11.3.1/thumb/v7e-m+fp/hard/crtbegin.o
LOAD /opt/st/stm32cubeide_1.13.1/plugins/com.st.stm32cube.ide.mcu.externaltools.gnu-tools-for-stm32.11.3.rel1.linux64_1.1.0.202305231506/tools/bin/../lib/gcc/arm-none-eabi/11.3.1/../../../../arm-none-eabi/lib/thumb/v7e-m+fp/hard/crt0.o
LOAD ./Src/main.o
LOAD ./Src/syscalls.o
LOAD ./Src/sysmem.o
LOAD ./Startup/startup_stm32f446retx.o
LOAD /home/sergej/Microcontroller/MyLib/Debug/libMyLib.a
START GROUP
LOAD /opt/st/stm32cubeide_1.13.1/plugins/com.st.stm32cube.ide.mcu.externaltools.gnu-tools-for-stm32.11.3.rel1.linux64_1.1.0.202305231506/tools/bin/../lib/gcc/arm-none-eabi/11.3.1/../../../../arm-none-eabi/lib/thumb/v7e-m+fp/hard/libc_nano.a
LOAD /opt/st/stm32cubeide_1.13.1/plugins/com.st.stm32cube.ide.mcu.externaltools.gnu-tools-for-stm32.11.3.rel1.linux64_1.1.0.202305231506/tools/bin/../lib/gcc/arm-none-eabi/11.3.1/../../../../arm-none-eabi/lib/thumb/v7e-m+fp/hard/libm.a
END GROUP
START GROUP
LOAD /opt/st/stm32cubeide_1.13.1/plugins/com.st.stm32cube.ide.mcu.externaltools.gnu-tools-for-stm32.11.3.rel1.linux64_1.1.0.202305231506/tools/bin/../lib/gcc/arm-none-eabi/11.3.1/thumb/v7e-m+fp/hard/libgcc.a
LOAD /opt/st/stm32cubeide_1.13.1/plugins/com.st.stm32cube.ide.mcu.externaltools.gnu-tools-for-stm32.11.3.rel1.linux64_1.1.0.202305231506/tools/bin/../lib/gcc/arm-none-eabi/11.3.1/../../../../arm-none-eabi/lib/thumb/v7e-m+fp/hard/libc_nano.a
END GROUP
START GROUP
LOAD /opt/st/stm32cubeide_1.13.1/plugins/com.st.stm32cube.ide.mcu.externaltools.gnu-tools-for-stm32.11.3.rel1.linux64_1.1.0.202305231506/tools/bin/../lib/gcc/arm-none-eabi/11.3.1/thumb/v7e-m+fp/hard/libgcc.a
LOAD /opt/st/stm32cubeide_1.13.1/plugins/com.st.stm32cube.ide.mcu.externaltools.gnu-tools-for-stm32.11.3.rel1.linux64_1.1.0.202305231506/tools/bin/../lib/gcc/arm-none-eabi/11.3.1/../../../../arm-none-eabi/lib/thumb/v7e-m+fp/hard/libc_nano.a
LOAD /opt/st/stm32cubeide_1.13.1/plugins/com.st.stm32cube.ide.mcu.externaltools.gnu-tools-for-stm32.11.3.rel1.linux64_1.1.0.202305231506/tools/bin/../lib/gcc/arm-none-eabi/11.3.1/../../../../arm-none-eabi/lib/thumb/v7e-m+fp/hard/libnosys.a
END GROUP
START GROUP
LOAD /opt/st/stm32cubeide_1.13.1/plugins/com.st.stm32cube.ide.mcu.externaltools.gnu-tools-for-stm32.11.3.rel1.linux64_1.1.0.202305231506/tools/bin/../lib/gcc/arm-none-eabi/11.3.1/thumb/v7e-m+fp/hard/libgcc.a
LOAD /opt/st/stm32cubeide_1.13.1/plugins/com.st.stm32cube.ide.mcu.externaltools.gnu-tools-for-stm32.11.3.rel1.linux64_1.1.0.202305231506/tools/bin/../lib/gcc/arm-none-eabi/11.3.1/../../../../arm-none-eabi/lib/thumb/v7e-m+fp/hard/libc_nano.a
LOAD /opt/st/stm32cubeide_1.13.1/plugins/com.st.stm32cube.ide.mcu.externaltools.gnu-tools-for-stm32.11.3.rel1.linux64_1.1.0.202305231506/tools/bin/../lib/gcc/arm-none-eabi/11.3.1/../../../../arm-none-eabi/lib/thumb/v7e-m+fp/hard/libnosys.a
END GROUP
LOAD /opt/st/stm32cubeide_1.13.1/plugins/com.st.stm32cube.ide.mcu.externaltools.gnu-tools-for-stm32.11.3.rel1.linux64_1.1.0.202305231506/tools/bin/../lib/gcc/arm-none-eabi/11.3.1/thumb/v7e-m+fp/hard/crtend.o
LOAD /opt/st/stm32cubeide_1.13.1/plugins/com.st.stm32cube.ide.mcu.externaltools.gnu-tools-for-stm32.11.3.rel1.linux64_1.1.0.202305231506/tools/bin/../lib/gcc/arm-none-eabi/11.3.1/thumb/v7e-m+fp/hard/crtn.o
                0x0000000020020000                _estack = (ORIGIN (RAM) + LENGTH (RAM))
                0x0000000000000200                _Min_Heap_Size = 0x200
                0x0000000000000400                _Min_Stack_Size = 0x400

.isr_vector     0x0000000008000000      0x1c4
                0x0000000008000000                . = ALIGN (0x4)
 *(.isr_vector)
 .isr_vector    0x0000000008000000      0x1c4 ./Startup/startup_stm32f446retx.o
                0x0000000008000000                g_pfnVectors
                0x00000000080001c4                . = ALIGN (0x4)

.text           0x00000000080001c4      0xa28
                0x00000000080001c4                . = ALIGN (0x4)
 *(.text)
 .text          0x00000000080001c4       0x40 /opt/st/stm32cubeide_1.13.1/plugins/com.st.stm32cube.ide.mcu.externaltools.gnu-tools-for-stm32.11.3.rel1.linux64_1.1.0.202305231506/tools/bin/../lib/gcc/arm-none-eabi/11.3.1/thumb/v7e-m+fp/hard/crtbegin.o
 *(.text*)
 .text.delay    0x0000000008000204       0x58 ./Src/main.o
 .text.main     0x000000000800025c       0x48 ./Src/main.o
                0x000000000800025c                main
 .text.clockConfig
                0x00000000080002a4       0x50 ./Src/main.o
                0x00000000080002a4                clockConfig
 .text.Reset_Handler
                0x00000000080002f4       0x50 ./Startup/startup_stm32f446retx.o
                0x00000000080002f4                Reset_Handler
 .text.Default_Handler
                0x0000000008000344        0x2 ./Startup/startup_stm32f446retx.o
                0x0000000008000344                RTC_Alarm_IRQHandler
                0x0000000008000344                EXTI2_IRQHandler
                0x0000000008000344                TIM8_CC_IRQHandler
                0x0000000008000344                SPDIF_Rx_IRQHandler
                0x0000000008000344                DebugMon_Handler
                0x0000000008000344                SPI4_IRQHandler
                0x0000000008000344                TIM1_CC_IRQHandler
                0x0000000008000344                QuadSPI_IRQHandler
                0x0000000008000344                DMA2_Stream5_IRQHandler
                0x0000000008000344                HardFault_Handler
                0x0000000008000344                DMA1_Stream5_IRQHandler
                0x0000000008000344                SysTick_Handler
                0x0000000008000344                PVD_IRQHandler
                0x0000000008000344                SDIO_IRQHandler
                0x0000000008000344                TAMP_STAMP_IRQHandler
                0x0000000008000344                PendSV_Handler
                0x0000000008000344                NMI_Handler
                0x0000000008000344                CAN2_RX1_IRQHandler
                0x0000000008000344                EXTI3_IRQHandler
                0x0000000008000344                TIM8_TRG_COM_TIM14_IRQHandler
                0x0000000008000344                TIM1_UP_TIM10_IRQHandler
                0x0000000008000344                FMPI2C1_error_IRQHandler
                0x0000000008000344                TIM8_UP_TIM13_IRQHandler
                0x0000000008000344                I2C3_ER_IRQHandler
                0x0000000008000344                EXTI0_IRQHandler
                0x0000000008000344                I2C2_EV_IRQHandler
                0x0000000008000344                DMA1_Stream2_IRQHandler
                0x0000000008000344                CAN1_RX0_IRQHandler
                0x0000000008000344                OTG_HS_WKUP_IRQHandler
                0x0000000008000344                UsageFault_Handler
                0x0000000008000344                CAN2_SCE_IRQHandler
                0x0000000008000344                DMA2_Stream2_IRQHandler
                0x0000000008000344                SPI1_IRQHandler
                0x0000000008000344                TIM6_DAC_IRQHandler
                0x0000000008000344                TIM1_BRK_TIM9_IRQHandler
                0x0000000008000344                DCMI_IRQHandler
                0x0000000008000344                CAN2_RX0_IRQHandler
                0x0000000008000344                DMA2_Stream3_IRQHandler
                0x0000000008000344                FMPI2C1_IRQHandler
                0x0000000008000344                SAI2_IRQHandler
                0x0000000008000344                USART6_IRQHandler
                0x0000000008000344                USART3_IRQHandler
                0x0000000008000344                CAN1_RX1_IRQHandler
                0x0000000008000344                UART5_IRQHandler
                0x0000000008000344                DMA2_Stream0_IRQHandler
                0x0000000008000344                TIM4_IRQHandler
                0x0000000008000344                I2C1_EV_IRQHandler
                0x0000000008000344                HDMI_CEC_IRQHandler
                0x0000000008000344                DMA1_Stream6_IRQHandler
                0x0000000008000344                DMA1_Stream1_IRQHandler
                0x0000000008000344                UART4_IRQHandler
                0x0000000008000344                TIM3_IRQHandler
                0x0000000008000344                RCC_IRQHandler
                0x0000000008000344                TIM8_BRK_TIM12_IRQHandler
                0x0000000008000344                Default_Handler
                0x0000000008000344                EXTI15_10_IRQHandler
                0x0000000008000344                ADC_IRQHandler
                0x0000000008000344                DMA1_Stream7_IRQHandler
                0x0000000008000344                TIM7_IRQHandler
                0x0000000008000344                CAN2_TX_IRQHandler
                0x0000000008000344                TIM5_IRQHandler
                0x0000000008000344                DMA2_Stream7_IRQHandler
                0x0000000008000344                I2C3_EV_IRQHandler
                0x0000000008000344                EXTI9_5_IRQHandler
                0x0000000008000344                RTC_WKUP_IRQHandler
                0x0000000008000344                SPI2_IRQHandler
                0x0000000008000344                OTG_HS_EP1_IN_IRQHandler
                0x0000000008000344                MemManage_Handler
                0x0000000008000344                DMA1_Stream0_IRQHandler
                0x0000000008000344                CAN1_TX_IRQHandler
                0x0000000008000344                SVC_Handler
                0x0000000008000344                EXTI4_IRQHandler
                0x0000000008000344                OTG_HS_EP1_OUT_IRQHandler
                0x0000000008000344                WWDG_IRQHandler
                0x0000000008000344                TIM2_IRQHandler
                0x0000000008000344                OTG_FS_WKUP_IRQHandler
                0x0000000008000344                TIM1_TRG_COM_TIM11_IRQHandler
                0x0000000008000344                OTG_HS_IRQHandler
                0x0000000008000344                EXTI1_IRQHandler
                0x0000000008000344                USART2_IRQHandler
                0x0000000008000344                I2C2_ER_IRQHandler
                0x0000000008000344                DMA2_Stream1_IRQHandler
                0x0000000008000344                CAN1_SCE_IRQHandler
                0x0000000008000344                FLASH_IRQHandler
                0x0000000008000344                DMA2_Stream4_IRQHandler
                0x0000000008000344                BusFault_Handler
                0x0000000008000344                USART1_IRQHandler
                0x0000000008000344                OTG_FS_IRQHandler
                0x0000000008000344                SPI3_IRQHandler
                0x0000000008000344                DMA1_Stream4_IRQHandler
                0x0000000008000344                I2C1_ER_IRQHandler
                0x0000000008000344                FMC_IRQHandler
                0x0000000008000344                DMA2_Stream6_IRQHandler
                0x0000000008000344                SAI1_IRQHandler
                0x0000000008000344                DMA1_Stream3_IRQHandler
 *fill*         0x0000000008000346        0x2 
 .text.flashConfigWaitStates
                0x0000000008000348       0xc4 /home/sergej/Microcontroller/MyLib/Debug/libMyLib.a(mcalFlash.o)
                0x0000000008000348                flashConfigWaitStates
 .text.gpioVerifyPort
                0x000000000800040c       0x7c /home/sergej/Microcontroller/MyLib/Debug/libMyLib.a(mcalGPIO.o)
                0x000000000800040c                gpioVerifyPort
 .text.gpioVerifyPin
                0x0000000008000488       0x7c /home/sergej/Microcontroller/MyLib/Debug/libMyLib.a(mcalGPIO.o)
                0x0000000008000488                gpioVerifyPin
 .text.gpioVerifyPinMode
                0x0000000008000504       0x34 /home/sergej/Microcontroller/MyLib/Debug/libMyLib.a(mcalGPIO.o)
                0x0000000008000504                gpioVerifyPinMode
 .text.gpioSelectPort
                0x0000000008000538       0xfc /home/sergej/Microcontroller/MyLib/Debug/libMyLib.a(mcalGPIO.o)
                0x0000000008000538                gpioSelectPort
 .text.gpioSelectPinMode
                0x0000000008000634       0x96 /home/sergej/Microcontroller/MyLib/Debug/libMyLib.a(mcalGPIO.o)
                0x0000000008000634                gpioSelectPinMode
 .text.gpioSetPin
                0x00000000080006ca       0x56 /home/sergej/Microcontroller/MyLib/Debug/libMyLib.a(mcalGPIO.o)
                0x00000000080006ca                gpioSetPin
 .text.gpioResetPin
                0x0000000008000720       0x58 /home/sergej/Microcontroller/MyLib/Debug/libMyLib.a(mcalGPIO.o)
                0x0000000008000720                gpioResetPin
 .text.rccEnableHSE
                0x0000000008000778       0x38 /home/sergej/Microcontroller/MyLib/Debug/libMyLib.a(mcalRCC.o)
                0x0000000008000778                rccEnableHSE
 .text.rccEnableMainPLL
                0x00000000080007b0       0x30 /home/sergej/Microcontroller/MyLib/Debug/libMyLib.a(mcalRCC.o)
                0x00000000080007b0                rccEnableMainPLL
 .text.rccSelectPLLClockSource
                0x00000000080007e0       0x40 /home/sergej/Microcontroller/MyLib/Debug/libMyLib.a(mcalRCC.o)
                0x00000000080007e0                rccSelectPLLClockSource
 .text.rccSelectSysclkSrc
                0x0000000008000820       0x70 /home/sergej/Microcontroller/MyLib/Debug/libMyLib.a(mcalRCC.o)
                0x0000000008000820                rccSelectSysclkSrc
 .text.rccSetSysclkFreq
                0x0000000008000890      0x108 /home/sergej/Microcontroller/MyLib/Debug/libMyLib.a(mcalRCC.o)
                0x0000000008000890                rccSetSysclkFreq
 .text.rccSetAHBPrescaler
                0x0000000008000998       0xd4 /home/sergej/Microcontroller/MyLib/Debug/libMyLib.a(mcalRCC.o)
                0x0000000008000998                rccSetAHBPrescaler
 .text.rccSetAPB1Prescaler
                0x0000000008000a6c       0x90 /home/sergej/Microcontroller/MyLib/Debug/libMyLib.a(mcalRCC.o)
                0x0000000008000a6c                rccSetAPB1Prescaler
 .text.rccSetAPB2Prescaler
                0x0000000008000afc       0x90 /home/sergej/Microcontroller/MyLib/Debug/libMyLib.a(mcalRCC.o)
                0x0000000008000afc                rccSetAPB2Prescaler
 .text.__libc_init_array
                0x0000000008000b8c       0x48 /opt/st/stm32cubeide_1.13.1/plugins/com.st.stm32cube.ide.mcu.externaltools.gnu-tools-for-stm32.11.3.rel1.linux64_1.1.0.202305231506/tools/bin/../lib/gcc/arm-none-eabi/11.3.1/../../../../arm-none-eabi/lib/thumb/v7e-m+fp/hard/libc_nano.a(libc_a-init.o)
                0x0000000008000b8c                __libc_init_array
 *(.glue_7)
 .glue_7        0x0000000008000bd4        0x0 linker stubs
 *(.glue_7t)
 .glue_7t       0x0000000008000bd4        0x0 linker stubs
 *(.eh_frame)
 .eh_frame      0x0000000008000bd4        0x0 /opt/st/stm32cubeide_1.13.1/plugins/com.st.stm32cube.ide.mcu.externaltools.gnu-tools-for-stm32.11.3.rel1.linux64_1.1.0.202305231506/tools/bin/../lib/gcc/arm-none-eabi/11.3.1/thumb/v7e-m+fp/hard/crtbegin.o
 *(.init)
 .init          0x0000000008000bd4        0x4 /opt/st/stm32cubeide_1.13.1/plugins/com.st.stm32cube.ide.mcu.externaltools.gnu-tools-for-stm32.11.3.rel1.linux64_1.1.0.202305231506/tools/bin/../lib/gcc/arm-none-eabi/11.3.1/thumb/v7e-m+fp/hard/crti.o
                0x0000000008000bd4                _init
 .init          0x0000000008000bd8        0x8 /opt/st/stm32cubeide_1.13.1/plugins/com.st.stm32cube.ide.mcu.externaltools.gnu-tools-for-stm32.11.3.rel1.linux64_1.1.0.202305231506/tools/bin/../lib/gcc/arm-none-eabi/11.3.1/thumb/v7e-m+fp/hard/crtn.o
 *(.fini)
 .fini          0x0000000008000be0        0x4 /opt/st/stm32cubeide_1.13.1/plugins/com.st.stm32cube.ide.mcu.externaltools.gnu-tools-for-stm32.11.3.rel1.linux64_1.1.0.202305231506/tools/bin/../lib/gcc/arm-none-eabi/11.3.1/thumb/v7e-m+fp/hard/crti.o
                0x0000000008000be0                _fini
 .fini          0x0000000008000be4        0x8 /opt/st/stm32cubeide_1.13.1/plugins/com.st.stm32cube.ide.mcu.externaltools.gnu-tools-for-stm32.11.3.rel1.linux64_1.1.0.202305231506/tools/bin/../lib/gcc/arm-none-eabi/11.3.1/thumb/v7e-m+fp/hard/crtn.o
                0x0000000008000bec                . = ALIGN (0x4)
                0x0000000008000bec                _etext = .

.vfp11_veneer   0x0000000008000bec        0x0
 .vfp11_veneer  0x0000000008000bec        0x0 linker stubs

.v4_bx          0x0000000008000bec        0x0
 .v4_bx         0x0000000008000bec        0x0 linker stubs

.iplt           0x0000000008000bec        0x0
 .iplt          0x0000000008000bec        0x0 /opt/st/stm32cubeide_1.13.1/plugins/com.st.stm32cube.ide.mcu.externaltools.gnu-tools-for-stm32.11.3.rel1.linux64_1.1.0.202305231506/tools/bin/../lib/gcc/arm-none-eabi/11.3.1/thumb/v7e-m+fp/hard/crtbegin.o

.rel.dyn        0x0000000008000bec        0x0
 .rel.iplt      0x0000000008000bec        0x0 /opt/st/stm32cubeide_1.13.1/plugins/com.st.stm32cube.ide.mcu.externaltools.gnu-tools-for-stm32.11.3.rel1.linux64_1.1.0.202305231506/tools/bin/../lib/gcc/arm-none-eabi/11.3.1/thumb/v7e-m+fp/hard/crtbegin.o

.rodata         0x0000000008000bec        0x0
                0x0000000008000bec                . = ALIGN (0x4)
 *(.rodata)
 *(.rodata*)
                0x0000000008000bec                . = ALIGN (0x4)

.ARM.extab      0x0000000008000bec        0x0
                0x0000000008000bec                . = ALIGN (0x4)
 *(.ARM.extab* .gnu.linkonce.armextab.*)
                0x0000000008000bec                . = ALIGN (0x4)

.ARM            0x0000000008000bec        0x0
                0x0000000008000bec                . = ALIGN (0x4)
                0x0000000008000bec                __exidx_start = .
 *(.ARM.exidx*)
                0x0000000008000bec                __exidx_end = .
                0x0000000008000bec                . = ALIGN (0x4)

.preinit_array  0x0000000008000bec        0x0
                0x0000000008000bec                . = ALIGN (0x4)
                0x0000000008000bec                PROVIDE (__preinit_array_start = .)
 *(.preinit_array*)
                0x0000000008000bec                PROVIDE (__preinit_array_end = .)
                0x0000000008000bec                . = ALIGN (0x4)

.init_array     0x0000000008000bec        0x4
                0x0000000008000bec                . = ALIGN (0x4)
                0x0000000008000bec                PROVIDE (__init_array_start = .)
 *(SORT_BY_NAME(.init_array.*))
 *(.init_array*)
 .init_array    0x0000000008000bec        0x4 /opt/st/stm32cubeide_1.13.1/plugins/com.st.stm32cube.ide.mcu.externaltools.gnu-tools-for-stm32.11.3.rel1.linux64_1.1.0.202305231506/tools/bin/../lib/gcc/arm-none-eabi/11.3.1/thumb/v7e-m+fp/hard/crtbegin.o
                0x0000000008000bf0                PROVIDE (__init_array_end = .)
                0x0000000008000bf0                . = ALIGN (0x4)

.fini_array     0x0000000008000bf0        0x4
                0x0000000008000bf0                . = ALIGN (0x4)
                [!provide]                        PROVIDE (__fini_array_start = .)
 *(SORT_BY_NAME(.fini_array.*))
 *(.fini_array*)
 .fini_array    0x0000000008000bf0        0x4 /opt/st/stm32cubeide_1.13.1/plugins/com.st.stm32cube.ide.mcu.externaltools.gnu-tools-for-stm32.11.3.rel1.linux64_1.1.0.202305231506/tools/bin/../lib/gcc/arm-none-eabi/11.3.1/thumb/v7e-m+fp/hard/crtbegin.o
                [!provide]                        PROVIDE (__fini_array_end = .)
                0x0000000008000bf4                . = ALIGN (0x4)
                0x0000000008000bf4                _sidata = LOADADDR (.data)

.data           0x0000000020000000        0x0 load address 0x0000000008000bf4
                0x0000000020000000                . = ALIGN (0x4)
                0x0000000020000000                _sdata = .
 *(.data)
 *(.data*)
 *(.RamFunc)
 *(.RamFunc*)
                0x0000000020000000                . = ALIGN (0x4)
                0x0000000020000000                _edata = .

.igot.plt       0x0000000020000000        0x0 load address 0x0000000008000bf4
 .igot.plt      0x0000000020000000        0x0 /opt/st/stm32cubeide_1.13.1/plugins/com.st.stm32cube.ide.mcu.externaltools.gnu-tools-for-stm32.11.3.rel1.linux64_1.1.0.202305231506/tools/bin/../lib/gcc/arm-none-eabi/11.3.1/thumb/v7e-m+fp/hard/crtbegin.o
                0x0000000020000000                . = ALIGN (0x4)

.bss            0x0000000020000000       0x1c load address 0x0000000008000bf4
                0x0000000020000000                _sbss = .
                0x0000000020000000                __bss_start__ = _sbss
 *(.bss)
 .bss           0x0000000020000000       0x1c /opt/st/stm32cubeide_1.13.1/plugins/com.st.stm32cube.ide.mcu.externaltools.gnu-tools-for-stm32.11.3.rel1.linux64_1.1.0.202305231506/tools/bin/../lib/gcc/arm-none-eabi/11.3.1/thumb/v7e-m+fp/hard/crtbegin.o
 *(.bss*)
 *(COMMON)
                0x000000002000001c                . = ALIGN (0x4)
                0x000000002000001c                _ebss = .
                0x000000002000001c                __bss_end__ = _ebss

._user_heap_stack
                0x000000002000001c      0x604 load address 0x0000000008000bf4
                0x0000000020000020                . = ALIGN (0x8)
 *fill*         0x000000002000001c        0x4 
                [!provide]                        PROVIDE (end = .)
                0x0000000020000020                PROVIDE (_end = .)
                0x0000000020000220                . = (. + _Min_Heap_Size)
 *fill*         0x0000000020000020      0x200 
                0x0000000020000620                . = (. + _Min_Stack_Size)
 *fill*         0x0000000020000220      0x400 
                0x0000000020000620                . = ALIGN (0x8)

/DISCARD/
 libc.a(*)
 libm.a(*)
 libgcc.a(*)

.ARM.attributes
                0x0000000000000000       0x30
 *(.ARM.attributes)
 .ARM.attributes
                0x0000000000000000       0x1e /opt/st/stm32cubeide_1.13.1/plugins/com.st.stm32cube.ide.mcu.externaltools.gnu-tools-for-stm32.11.3.rel1.linux64_1.1.0.202305231506/tools/bin/../lib/gcc/arm-none-eabi/11.3.1/thumb/v7e-m+fp/hard/crti.o
 .ARM.attributes
                0x000000000000001e       0x34 /opt/st/stm32cubeide_1.13.1/plugins/com.st.stm32cube.ide.mcu.externaltools.gnu-tools-for-stm32.11.3.rel1.linux64_1.1.0.202305231506/tools/bin/../lib/gcc/arm-none-eabi/11.3.1/thumb/v7e-m+fp/hard/crtbegin.o
 .ARM.attributes
                0x0000000000000052       0x34 ./Src/main.o
 .ARM.attributes
                0x0000000000000086       0x21 ./Startup/startup_stm32f446retx.o
 .ARM.attributes
                0x00000000000000a7       0x34 /home/sergej/Microcontroller/MyLib/Debug/libMyLib.a(mcalFlash.o)
 .ARM.attributes
                0x00000000000000db       0x34 /home/sergej/Microcontroller/MyLib/Debug/libMyLib.a(mcalGPIO.o)
 .ARM.attributes
                0x000000000000010f       0x34 /home/sergej/Microcontroller/MyLib/Debug/libMyLib.a(mcalRCC.o)
 .ARM.attributes
                0x0000000000000143       0x34 /opt/st/stm32cubeide_1.13.1/plugins/com.st.stm32cube.ide.mcu.externaltools.gnu-tools-for-stm32.11.3.rel1.linux64_1.1.0.202305231506/tools/bin/../lib/gcc/arm-none-eabi/11.3.1/../../../../arm-none-eabi/lib/thumb/v7e-m+fp/hard/libc_nano.a(libc_a-init.o)
 .ARM.attributes
                0x0000000000000177       0x1e /opt/st/stm32cubeide_1.13.1/plugins/com.st.stm32cube.ide.mcu.externaltools.gnu-tools-for-stm32.11.3.rel1.linux64_1.1.0.202305231506/tools/bin/../lib/gcc/arm-none-eabi/11.3.1/thumb/v7e-m+fp/hard/crtn.o
OUTPUT(MyTest.elf elf32-littlearm)
LOAD linker stubs
LOAD /opt/st/stm32cubeide_1.13.1/plugins/com.st.stm32cube.ide.mcu.externaltools.gnu-tools-for-stm32.11.3.rel1.linux64_1.1.0.202305231506/tools/bin/../lib/gcc/arm-none-eabi/11.3.1/../../../../arm-none-eabi/lib/thumb/v7e-m+fp/hard/libc.a
LOAD /opt/st/stm32cubeide_1.13.1/plugins/com.st.stm32cube.ide.mcu.externaltools.gnu-tools-for-stm32.11.3.rel1.linux64_1.1.0.202305231506/tools/bin/../lib/gcc/arm-none-eabi/11.3.1/../../../../arm-none-eabi/lib/thumb/v7e-m+fp/hard/libm.a
LOAD /opt/st/stm32cubeide_1.13.1/plugins/com.st.stm32cube.ide.mcu.externaltools.gnu-tools-for-stm32.11.3.rel1.linux64_1.1.0.202305231506/tools/bin/../lib/gcc/arm-none-eabi/11.3.1/thumb/v7e-m+fp/hard/libgcc.a

.comment        0x0000000000000000       0x43
 .comment       0x0000000000000000       0x43 /opt/st/stm32cubeide_1.13.1/plugins/com.st.stm32cube.ide.mcu.externaltools.gnu-tools-for-stm32.11.3.rel1.linux64_1.1.0.202305231506/tools/bin/../lib/gcc/arm-none-eabi/11.3.1/thumb/v7e-m+fp/hard/crtbegin.o
                                         0x44 (size before relaxing)
 .comment       0x0000000000000043       0x44 ./Src/main.o
 .comment       0x0000000000000043       0x44 /home/sergej/Microcontroller/MyLib/Debug/libMyLib.a(mcalFlash.o)
 .comment       0x0000000000000043       0x44 /home/sergej/Microcontroller/MyLib/Debug/libMyLib.a(mcalGPIO.o)
 .comment       0x0000000000000043       0x44 /home/sergej/Microcontroller/MyLib/Debug/libMyLib.a(mcalRCC.o)

.debug_info     0x0000000000000000     0x1a6c
 .debug_info    0x0000000000000000      0x4e9 ./Src/main.o
 .debug_info    0x00000000000004e9       0x23 ./Startup/startup_stm32f446retx.o
 .debug_info    0x000000000000050c      0x139 /home/sergej/Microcontroller/MyLib/Debug/libMyLib.a(mcalFlash.o)
 .debug_info    0x0000000000000645      0x9a2 /home/sergej/Microcontroller/MyLib/Debug/libMyLib.a(mcalGPIO.o)
 .debug_info    0x0000000000000fe7      0xa85 /home/sergej/Microcontroller/MyLib/Debug/libMyLib.a(mcalRCC.o)

.debug_abbrev   0x0000000000000000      0x6c5
 .debug_abbrev  0x0000000000000000      0x1a5 ./Src/main.o
 .debug_abbrev  0x00000000000001a5       0x12 ./Startup/startup_stm32f446retx.o
 .debug_abbrev  0x00000000000001b7       0xb0 /home/sergej/Microcontroller/MyLib/Debug/libMyLib.a(mcalFlash.o)
 .debug_abbrev  0x0000000000000267      0x1b5 /home/sergej/Microcontroller/MyLib/Debug/libMyLib.a(mcalGPIO.o)
 .debug_abbrev  0x000000000000041c      0x2a9 /home/sergej/Microcontroller/MyLib/Debug/libMyLib.a(mcalRCC.o)

.debug_aranges  0x0000000000000000      0x220
 .debug_aranges
                0x0000000000000000       0x30 ./Src/main.o
 .debug_aranges
                0x0000000000000030       0x28 ./Startup/startup_stm32f446retx.o
 .debug_aranges
                0x0000000000000058       0x20 /home/sergej/Microcontroller/MyLib/Debug/libMyLib.a(mcalFlash.o)
 .debug_aranges
                0x0000000000000078       0xd0 /home/sergej/Microcontroller/MyLib/Debug/libMyLib.a(mcalGPIO.o)
 .debug_aranges
                0x0000000000000148       0xd8 /home/sergej/Microcontroller/MyLib/Debug/libMyLib.a(mcalRCC.o)

.debug_rnglists
                0x0000000000000000      0x18f
 .debug_rnglists
                0x0000000000000000       0x1f ./Src/main.o
 .debug_rnglists
                0x000000000000001f       0x19 ./Startup/startup_stm32f446retx.o
 .debug_rnglists
                0x0000000000000038       0x14 /home/sergej/Microcontroller/MyLib/Debug/libMyLib.a(mcalFlash.o)
 .debug_rnglists
                0x000000000000004c       0x9f /home/sergej/Microcontroller/MyLib/Debug/libMyLib.a(mcalGPIO.o)
 .debug_rnglists
                0x00000000000000eb       0xa4 /home/sergej/Microcontroller/MyLib/Debug/libMyLib.a(mcalRCC.o)

.debug_macro    0x0000000000000000    0x197cf
 .debug_macro   0x0000000000000000      0x1df ./Src/main.o
 .debug_macro   0x00000000000001df      0xab4 ./Src/main.o
 .debug_macro   0x0000000000000c93       0x2e ./Src/main.o
 .debug_macro   0x0000000000000cc1       0x28 ./Src/main.o
 .debug_macro   0x0000000000000ce9       0x22 ./Src/main.o
 .debug_macro   0x0000000000000d0b       0x8e ./Src/main.o
 .debug_macro   0x0000000000000d99       0x51 ./Src/main.o
 .debug_macro   0x0000000000000dea      0x103 ./Src/main.o
 .debug_macro   0x0000000000000eed       0x6a ./Src/main.o
 .debug_macro   0x0000000000000f57      0x1df ./Src/main.o
 .debug_macro   0x0000000000001136       0x1c ./Src/main.o
 .debug_macro   0x0000000000001152       0x22 ./Src/main.o
 .debug_macro   0x0000000000001174       0xd9 ./Src/main.o
 .debug_macro   0x000000000000124d     0x102d ./Src/main.o
 .debug_macro   0x000000000000227a      0x11f ./Src/main.o
 .debug_macro   0x0000000000002399    0x16749 ./Src/main.o
 .debug_macro   0x0000000000018ae2       0x6d ./Src/main.o
 .debug_macro   0x0000000000018b4f       0x22 ./Src/main.o
 .debug_macro   0x0000000000018b71       0x10 ./Src/main.o
 .debug_macro   0x0000000000018b81      0x174 ./Src/main.o
 .debug_macro   0x0000000000018cf5       0x2a ./Src/main.o
 .debug_macro   0x0000000000018d1f       0x61 ./Src/main.o
 .debug_macro   0x0000000000018d80       0x43 ./Src/main.o
 .debug_macro   0x0000000000018dc3       0x34 ./Src/main.o
 .debug_macro   0x0000000000018df7       0x16 ./Src/main.o
 .debug_macro   0x0000000000018e0d       0x35 ./Src/main.o
 .debug_macro   0x0000000000018e42       0x16 ./Src/main.o
 .debug_macro   0x0000000000018e58       0x43 ./Src/main.o
 .debug_macro   0x0000000000018e9b       0x34 ./Src/main.o
 .debug_macro   0x0000000000018ecf       0x10 ./Src/main.o
 .debug_macro   0x0000000000018edf       0x58 ./Src/main.o
 .debug_macro   0x0000000000018f37       0x8e ./Src/main.o
 .debug_macro   0x0000000000018fc5       0x1c ./Src/main.o
 .debug_macro   0x0000000000018fe1      0x177 ./Src/main.o
 .debug_macro   0x0000000000019158      0x369 ./Src/main.o
 .debug_macro   0x00000000000194c1       0x16 ./Src/main.o
 .debug_macro   0x00000000000194d7       0x29 ./Src/main.o
 .debug_macro   0x0000000000019500       0xf4 /home/sergej/Microcontroller/MyLib/Debug/libMyLib.a(mcalFlash.o)
 .debug_macro   0x00000000000195f4       0xe1 /home/sergej/Microcontroller/MyLib/Debug/libMyLib.a(mcalGPIO.o)
 .debug_macro   0x00000000000196d5       0xfa /home/sergej/Microcontroller/MyLib/Debug/libMyLib.a(mcalRCC.o)

.debug_line     0x0000000000000000     0x203d
 .debug_line    0x0000000000000000      0x662 ./Src/main.o
 .debug_line    0x0000000000000662       0x7b ./Startup/startup_stm32f446retx.o
 .debug_line    0x00000000000006dd      0x4cd /home/sergej/Microcontroller/MyLib/Debug/libMyLib.a(mcalFlash.o)
 .debug_line    0x0000000000000baa      0xa76 /home/sergej/Microcontroller/MyLib/Debug/libMyLib.a(mcalGPIO.o)
 .debug_line    0x0000000000001620      0xa1d /home/sergej/Microcontroller/MyLib/Debug/libMyLib.a(mcalRCC.o)

.debug_str      0x0000000000000000    0x8ec89
 .debug_str     0x0000000000000000    0x8e581 ./Src/main.o
                                      0x8e7a4 (size before relaxing)
 .debug_str     0x000000000008e581       0x2f ./Startup/startup_stm32f446retx.o
                                         0x59 (size before relaxing)
 .debug_str     0x000000000008e5b0      0x122 /home/sergej/Microcontroller/MyLib/Debug/libMyLib.a(mcalFlash.o)
                                      0x8b192 (size before relaxing)
 .debug_str     0x000000000008e6d2      0x351 /home/sergej/Microcontroller/MyLib/Debug/libMyLib.a(mcalGPIO.o)
                                      0x8b34f (size before relaxing)
 .debug_str     0x000000000008ea23      0x266 /home/sergej/Microcontroller/MyLib/Debug/libMyLib.a(mcalRCC.o)
                                      0x8b618 (size before relaxing)

.debug_frame    0x0000000000000000      0x7d4
 .debug_frame   0x0000000000000000       0x7c ./Src/main.o
 .debug_frame   0x000000000000007c       0x38 /home/sergej/Microcontroller/MyLib/Debug/libMyLib.a(mcalFlash.o)
 .debug_frame   0x00000000000000b4      0x37c /home/sergej/Microcontroller/MyLib/Debug/libMyLib.a(mcalGPIO.o)
 .debug_frame   0x0000000000000430      0x378 /home/sergej/Microcontroller/MyLib/Debug/libMyLib.a(mcalRCC.o)
 .debug_frame   0x00000000000007a8       0x2c /opt/st/stm32cubeide_1.13.1/plugins/com.st.stm32cube.ide.mcu.externaltools.gnu-tools-for-stm32.11.3.rel1.linux64_1.1.0.202305231506/tools/bin/../lib/gcc/arm-none-eabi/11.3.1/../../../../arm-none-eabi/lib/thumb/v7e-m+fp/hard/libc_nano.a(libc_a-init.o)

.debug_line_str
                0x0000000000000000       0x4d
 .debug_line_str
                0x0000000000000000       0x4d ./Startup/startup_stm32f446retx.o
                                         0x65 (size before relaxing)
